Analyzing inventory...

  error - inventory_list_screen.dart:25:8 - Target of URI doesn't exist: 'inventory_detail_dialog.dart'. Try creating the file referenced by the URI, or try using a URI for a file that does exist. - uri_does_not_exist
  error - inventory_list_screen.dart:56:39 - Undefined name 'selectionModeProvider'. Try correcting the name to one that is defined, or defining the name. - undefined_identifier
  error - inventory_list_screen.dart:57:35 - Undefined name 'inventorySelectionProvider'. Try correcting the name to one that is defined, or defining the name. - undefined_identifier
  error - inventory_list_screen.dart:58:23 - Undefined name 'ResponsiveHelper'. Try correcting the name to one that is defined, or defining the name. - undefined_identifier
  error - inventory_list_screen.dart:120:28 - Undefined name 'selectionModeProvider'. Try correcting the name to one that is defined, or defining the name. - undefined_identifier
  error - inventory_list_screen.dart:131:29 - Undefined name 'inventorySelectionProvider'. Try correcting the name to one that is defined, or defining the name. - undefined_identifier
  error - inventory_list_screen.dart:213:48 - Undefined name 'inventorySelectionProvider'. Try correcting the name to one that is defined, or defining the name. - undefined_identifier
  error - inventory_list_screen.dart:218:53 - The method 'InventoryDetailDialog' isn't defined for the type '_InventoryListScreenState'. Try correcting the name to the name of an existing method, or defining a method named 'InventoryDetailDialog'. - undefined_method
  error - inventory_list_screen.dart:283:7 - The named parameter 'border' isn't defined. Try correcting the name to an existing named parameter's name, or defining a named parameter with the name 'border'. - undefined_named_parameter
  error - inventory_list_screen.dart:395:21 - Undefined name 'CleanerMoreBottomSheet'. Try correcting the name to one that is defined, or defining the name. - undefined_identifier
  error - inventory_list_screen.dart:397:21 - Undefined name 'AdminMoreBottomSheet'. Try correcting the name to one that is defined, or defining the name. - undefined_identifier
  error - inventory_request_list_screen.dart:9:8 - Target of URI doesn't exist: '../../widgets/shared/notifications/notification_bell.dart'. Try creating the file referenced by the URI, or try using a URI for a file that does exist. - uri_does_not_exist
  error - inventory_request_list_screen.dart:205:27 - The getter 'id' isn't defined for the type 'UserProfile'. Try importing the library that defines 'id', correcting the name to the name of an existing getter, or defining a getter or field named 'id'. - undefined_getter
  error - inventory_request_list_screen.dart:206:31 - The getter 'userMetadata' isn't defined for the type 'UserProfile'. Try importing the library that defines 'userMetadata', correcting the name to the name of an existing getter, or defining a getter or field named 'userMetadata'. - undefined_getter
  error - stock_history_screen.dart:45:39 - The name 'StockHistory' isn't a type, so it can't be used as a type argument. Try correcting the name to an existing type, or defining a type named 'StockHistory'. - non_type_as_type_argument
  error - stock_history_screen.dart:207:14 - Undefined class 'StockHistory'. Try changing the name to the name of an existing class, or creating a class with the name 'StockHistory'. - undefined_class
  error - stock_history_screen.dart:342:45 - Undefined name 'StockAction'. Try correcting the name to one that is defined, or defining the name. - undefined_identifier
  error - stock_history_screen.dart:343:53 - Undefined name 'StockAction'. Try correcting the name to one that is defined, or defining the name. - undefined_identifier
  error - stock_history_screen.dart:419:27 - Undefined class 'StockAction'. Try changing the name to the name of an existing class, or creating a class with the name 'StockAction'. - undefined_class
  error - stock_history_screen.dart:422:12 - Undefined name 'StockAction'. Try correcting the name to one that is defined, or defining the name. - undefined_identifier
  error - stock_history_screen.dart:425:12 - Undefined name 'StockAction'. Try correcting the name to one that is defined, or defining the name. - undefined_identifier
  error - stock_history_screen.dart:428:12 - Undefined name 'StockAction'. Try correcting the name to one that is defined, or defining the name. - undefined_identifier
  error - stock_history_screen.dart:431:12 - Undefined name 'StockAction'. Try correcting the name to one that is defined, or defining the name. - undefined_identifier
  error - stock_history_screen.dart:434:12 - Undefined name 'StockAction'. Try correcting the name to one that is defined, or defining the name. - undefined_identifier
  error - stock_history_screen.dart:437:12 - Undefined name 'StockAction'. Try correcting the name to one that is defined, or defining the name. - undefined_identifier
  error - stock_history_screen.dart:440:12 - Undefined name 'StockAction'. Try correcting the name to one that is defined, or defining the name. - undefined_identifier
  error - stock_history_screen.dart:445:17 - The non-nullable local variable 'iconData' must be assigned before it can be used. Try giving it an initializer expression, or ensure that it's assigned on every execution path. - not_assigned_potentially_non_nullable_local_variable
  error - stock_history_screen.dart:448:9 - The body might complete normally, causing 'null' to be returned, but the return type, 'Color', is a potentially non-nullable type. Try adding either a return or a throw statement at the end. - body_might_complete_normally
  error - stock_history_screen.dart:448:25 - Undefined class 'StockAction'. Try changing the name to the name of an existing class, or creating a class with the name 'StockAction'. - undefined_class
  error - stock_history_screen.dart:450:12 - Undefined name 'StockAction'. Try correcting the name to one that is defined, or defining the name. - undefined_identifier
  error - stock_history_screen.dart:451:12 - Undefined name 'StockAction'. Try correcting the name to one that is defined, or defining the name. - undefined_identifier
  error - stock_history_screen.dart:453:12 - Undefined name 'StockAction'. Try correcting the name to one that is defined, or defining the name. - undefined_identifier
  error - stock_history_screen.dart:454:12 - Undefined name 'StockAction'. Try correcting the name to one that is defined, or defining the name. - undefined_identifier
  error - stock_history_screen.dart:456:12 - Undefined name 'StockAction'. Try correcting the name to one that is defined, or defining the name. - undefined_identifier
  error - stock_history_screen.dart:457:12 - Undefined name 'StockAction'. Try correcting the name to one that is defined, or defining the name. - undefined_identifier
  error - stock_history_screen.dart:459:12 - Undefined name 'StockAction'. Try correcting the name to one that is defined, or defining the name. - undefined_identifier
  error - stock_history_screen_hooks.dart:49:39 - The name 'StockHistory' isn't a type, so it can't be used as a type argument. Try correcting the name to an existing type, or defining a type named 'StockHistory'. - non_type_as_type_argument
  error - stock_history_screen_hooks.dart:215:14 - Undefined class 'StockHistory'. Try changing the name to the name of an existing class, or creating a class with the name 'StockHistory'. - undefined_class
  error - stock_history_screen_hooks.dart:350:45 - Undefined name 'StockAction'. Try correcting the name to one that is defined, or defining the name. - undefined_identifier
  error - stock_history_screen_hooks.dart:351:53 - Undefined name 'StockAction'. Try correcting the name to one that is defined, or defining the name. - undefined_identifier
  error - stock_history_screen_hooks.dart:428:34 - Undefined class 'StockAction'. Try changing the name to the name of an existing class, or creating a class with the name 'StockAction'. - undefined_class
  error - stock_history_screen_hooks.dart:431:12 - Undefined name 'StockAction'. Try correcting the name to one that is defined, or defining the name. - undefined_identifier
  error - stock_history_screen_hooks.dart:434:12 - Undefined name 'StockAction'. Try correcting the name to one that is defined, or defining the name. - undefined_identifier
  error - stock_history_screen_hooks.dart:437:12 - Undefined name 'StockAction'. Try correcting the name to one that is defined, or defining the name. - undefined_identifier
  error - stock_history_screen_hooks.dart:440:12 - Undefined name 'StockAction'. Try correcting the name to one that is defined, or defining the name. - undefined_identifier
  error - stock_history_screen_hooks.dart:443:12 - Undefined name 'StockAction'. Try correcting the name to one that is defined, or defining the name. - undefined_identifier
  error - stock_history_screen_hooks.dart:446:12 - Undefined name 'StockAction'. Try correcting the name to one that is defined, or defining the name. - undefined_identifier
  error - stock_history_screen_hooks.dart:449:12 - Undefined name 'StockAction'. Try correcting the name to one that is defined, or defining the name. - undefined_identifier
  error - stock_history_screen_hooks.dart:454:17 - The non-nullable local variable 'iconData' must be assigned before it can be used. Try giving it an initializer expression, or ensure that it's assigned on every execution path. - not_assigned_potentially_non_nullable_local_variable
  error - stock_history_screen_hooks.dart:458:16 - The body might complete normally, causing 'null' to be returned, but the return type, 'Color', is a potentially non-nullable type. Try adding either a return or a throw statement at the end. - body_might_complete_normally
  error - stock_history_screen_hooks.dart:458:32 - Undefined class 'StockAction'. Try changing the name to the name of an existing class, or creating a class with the name 'StockAction'. - undefined_class
  error - stock_history_screen_hooks.dart:460:12 - Undefined name 'StockAction'. Try correcting the name to one that is defined, or defining the name. - undefined_identifier
  error - stock_history_screen_hooks.dart:461:12 - Undefined name 'StockAction'. Try correcting the name to one that is defined, or defining the name. - undefined_identifier
  error - stock_history_screen_hooks.dart:463:12 - Undefined name 'StockAction'. Try correcting the name to one that is defined, or defining the name. - undefined_identifier
  error - stock_history_screen_hooks.dart:464:12 - Undefined name 'StockAction'. Try correcting the name to one that is defined, or defining the name. - undefined_identifier
  error - stock_history_screen_hooks.dart:466:12 - Undefined name 'StockAction'. Try correcting the name to one that is defined, or defining the name. - undefined_identifier
  error - stock_history_screen_hooks.dart:467:12 - Undefined name 'StockAction'. Try correcting the name to one that is defined, or defining the name. - undefined_identifier
  error - stock_history_screen_hooks.dart:469:12 - Undefined name 'StockAction'. Try correcting the name to one that is defined, or defining the name. - undefined_identifier
warning - inventory_add_edit_screen.dart:47:8 - The value of the field '_isUploading' isn't used. Try removing the field, or using it. - unused_field
warning - inventory_list_screen.dart:43:10 - The method doesn't override an inherited method. Try updating this class to match the superclass, or removing the override annotation. - override_on_non_overriding_member
   info - inventory_add_edit_screen.dart:379:13 - 'value' is deprecated and shouldn't be used. Use initialValue instead. This will set the initial value for the form field. This feature was deprecated after v3.33.0-1.0.pre. Try replacing the use of the deprecated member with the replacement. - deprecated_member_use
   info - inventory_add_edit_screen.dart:737:40 - 'withOpacity' is deprecated and shouldn't be used. Use .withValues() to avoid precision loss. Try replacing the use of the deprecated member with the replacement. - deprecated_member_use
   info - inventory_add_edit_screen.dart:750:41 - 'withOpacity' is deprecated and shouldn't be used. Use .withValues() to avoid precision loss. Try replacing the use of the deprecated member with the replacement. - deprecated_member_use
   info - inventory_add_edit_screen_hooks.dart:349:13 - 'value' is deprecated and shouldn't be used. Use initialValue instead. This will set the initial value for the form field. This feature was deprecated after v3.33.0-1.0.pre. Try replacing the use of the deprecated member with the replacement. - deprecated_member_use
   info - inventory_request_list_screen.dart:84:50 - 'withOpacity' is deprecated and shouldn't be used. Use .withValues() to avoid precision loss. Try replacing the use of the deprecated member with the replacement. - deprecated_member_use
   info - inventory_request_list_screen.dart:123:52 - 'withOpacity' is deprecated and shouldn't be used. Use .withValues() to avoid precision loss. Try replacing the use of the deprecated member with the replacement. - deprecated_member_use

66 issues found.
